C:\Praktyki\Guziczki i swiatelka\Guziczki_i_swiatelka\Logical\Global.typ
C:\Praktyki\Guziczki i swiatelka\Guziczki_i_swiatelka\Logical\Global.var
C:\Praktyki\Guziczki i swiatelka\Guziczki_i_swiatelka\Logical\Libraries\operator\operator.fun
C:\Praktyki\Guziczki i swiatelka\Guziczki_i_swiatelka\Logical\Libraries\operator\operator.typ
C:\Praktyki\Guziczki i swiatelka\Guziczki_i_swiatelka\Logical\Libraries\operator\operator.var
C:\Praktyki\Guziczki i swiatelka\Guziczki_i_swiatelka\Logical\Libraries\runtime\runtime.fun
C:\Praktyki\Guziczki i swiatelka\Guziczki_i_swiatelka\Logical\Libraries\runtime\runtime.typ
C:\Praktyki\Guziczki i swiatelka\Guziczki_i_swiatelka\Logical\Libraries\runtime\runtime.var
C:\Praktyki\Guziczki i swiatelka\Guziczki_i_swiatelka\Logical\Libraries\AsIecCon\AsIecCon.fun
C:\Praktyki\Guziczki i swiatelka\Guziczki_i_swiatelka\Logical\Libraries\AsIecCon\AsIecCon.typ
C:\Praktyki\Guziczki i swiatelka\Guziczki_i_swiatelka\Logical\Libraries\AsIecCon\AsIecCon.var
C:\Praktyki\Guziczki i swiatelka\Guziczki_i_swiatelka\Logical\Libraries\standard\standard.fun
C:\Praktyki\Guziczki i swiatelka\Guziczki_i_swiatelka\Logical\Libraries\standard\standard.typ
C:\Praktyki\Guziczki i swiatelka\Guziczki_i_swiatelka\Logical\Libraries\standard\standard.var
